// Jest Snapshot v1, https://goo.gl/fbAQLP

exports[`Test in PrimerApp.js should be show <PrimeraApp />  1`] = `
<Fragment>
  <h1>
    Hola Soy Allan
  </h1>
  <p>
    Soy un subtitulo
  </p>
</Fragment>
`;
